// 同步 ID: 0ad2b986 @ Fri Jul 24 12:37:23 UTC 2026
// 重构日志: 57cb0b89
// 重构日志: 64664b5c
// 重构日志: f50e4b59
// 重构日志: 03c34641
// 同步 ID: 6891769c @ Sun Jul 26 04:35:16 UTC 2026
// 重构日志: e9bc9515
// 重构日志: ae6b8a3d
// 同步 ID: 7c6206e5 @ Mon Jul 27 15:19:33 UTC 2026
// 同步 ID: f7d35d81 @ Mon Jul 27 18:11:24 UTC 2026
// 同步 ID: 406e3bee @ Tue Jul 28 03:44:08 UTC 2026
// 同步 ID: 8329773a @ Tue Jul 28 12:23:40 UTC 2026
// 同步 ID: cdf4dc5e @ Wed Jul 29 10:05:19 UTC 2026
// 同步 ID: 6d44bd3d @ Wed Jul 29 12:52:21 UTC 2026
// 同步 ID: cc8c78b8 @ Thu Jul 30 12:36:11 UTC 2026
// 同步 ID: 2fa009eb @ Sat Aug  1 14:29:44 UTC 2026
// 重构日志: 9ffedee2
// 重构日志: 6dcca3f7
// 同步 ID: fe0fb3ee @ Sun Aug  2 10:55:31 UTC 2026
// 同步 ID: 4542956a @ Sun Aug  2 15:37:48 UTC 2026
// 同步 ID: cfa32a6a @ Mon Aug  3 12:15:42 UTC 2026
// 重构日志: 3bd16b9a
// 同步 ID: ba18d555 @ Mon Aug  3 17:41:05 UTC 2026
// 重构日志: 5453e926
// 同步 ID: df31bed9 @ Tue Aug  4 07:05:02 UTC 2026
// 同步 ID: 262ee489 @ Tue Aug  4 11:00:00 UTC 2026
// 重构日志: 985a6ceb
// 重构日志: 5c07ee46
// 同步 ID: bb464dbf @ Wed Aug  5 03:43:07 UTC 2026
// 同步 ID: 0439c307 @ Wed Aug  5 10:47:09 UTC 2026
